23:42:32 **** Incremental Build of configuration Debug for project run_led ****
make -j8 all 
arm-none-eabi-gcc "../Core/Src/stm32f1xx_it.c" -mcpu=cortex-m3 -std=gnu11 -g3 -DDEBUG -DUSE_HAL_DRIVER -DSTM32F103x6 -c -I../Core/Inc -I../Drivers/STM32F1xx_HAL_Driver/Inc -I../Drivers/STM32F1xx_HAL_Driver/Inc/Legacy -I../Drivers/CMSIS/Device/ST/STM32F1xx/Include -I../Drivers/CMSIS/Include -O0 -ffunction-sections -fdata-sections -Wall -fstack-usage -MMD -MP -MF"Core/Src/stm32f1xx_it.d" -MT"Core/Src/stm32f1xx_it.o" --specs=nano.specs -mfloat-abi=soft -mthumb -o "Core/Src/stm32f1xx_it.o"
arm-none-eabi-gcc -o "run_led.elf" @"objects.list"   -mcpu=cortex-m3 -T"D:\code_backup\STM32F103\run_led\STM32F103C6TX_FLASH.ld" --specs=nosys.specs -Wl,-Map="run_led.map" -Wl,--gc-sections -static --specs=nano.specs -mfloat-abi=soft -mthumb -Wl,--start-group -lc -lm -Wl,--end-group
Finished building target: run_led.elf
 
arm-none-eabi-size   run_led.elf 
arm-none-eabi-objdump -h -S  run_led.elf  > "run_led.list"
arm-none-eabi-objcopy  -O ihex  run_led.elf  "run_led.hex"
arm-none-eabi-objcopy  -O binary  run_led.elf  "run_led.bin"
   text	   data	    bss	    dec	    hex	filename
   5032	     20	   1572	   6624	   19e0	run_led.elf
Finished building: default.size.stdout
 
Finished building: run_led.hex
Finished building: run_led.list
Finished building: run_led.bin
 
 
 

23:42:34 Build Finished. 0 errors, 0 warnings. (took 2s.111ms)

